[www.anyrec.io/free-online-background-remover/index.html]
[backblue.gif]
[fade.gif]
[index.html]
[www.anyrec.io/images/online-bg-remover/anyrec-free-online-background-remover.png]
[www.anyrec.io/images/online-bg-remover/fail.png]
[www.anyrec.io/images/online-bg-remover/icon-dark.png]
[www.anyrec.io/images/online-bg-remover/warning.png]
[www.anyrec.io/images/online-bg-remover/icon-white.png]
[www.anyrec.io/images/online-bg-remover/coming.png]
[www.anyrec.io/images/online-bg-remover/question.png]
[www.anyrec.io/images/online-bg-remover/info.png]
[www.anyrec.io/images/online-bg-remover/xianzhi.png]
[www.anyrec.io/images/online-bg-remover/banner-1.png]
[www.anyrec.io/images/online-bg-remover/banner-3.png]
[www.anyrec.io/images/online-bg-remover/banner-2.png]
[www.anyrec.io/images/online-bg-remover/anyrec-free-online-watermark-remover-icon.png]
[www.anyrec.io/images/free-online-audio-recorder/line.png]
[www.anyrec.io/images/online-bg-remover/remove-change-background.png]
[www.anyrec.io/images/online-bg-remover/portrait-without-background.png]
[www.anyrec.io/images/online-bg-remover/portrait-original.png]
[www.anyrec.io/images/online-bg-remover/movable-slider.png]
[www.anyrec.io/images/online-bg-remover/product-without-background.png]
[www.anyrec.io/images/online-bg-remover/product-original.png]
[www.anyrec.io/images/online-bg-remover/pet-without-background.png]
[www.anyrec.io/images/online-bg-remover/pet-original.png]
[www.anyrec.io/images/online-bg-remover/real-estate-without-background.png]
[www.anyrec.io/images/online-bg-remover/real-estate-original.png]
[www.anyrec.io/images/online-bg-remover/graphic-without-background.png]
[www.anyrec.io/images/online-bg-remover/graphic-original.png]
[www.anyrec.io/images/online-bg-remover/decoration-1.png]
[www.anyrec.io/images/online-bg-remover/work-and-personal-use.png]
[www.anyrec.io/images/online-bg-remover/change-background.png]
[www.anyrec.io/images/video-converter/star.png]
[www.anyrec.io/images/video-converter/decoration-1.png]
[www.anyrec.io/images/video-converter/decoration-2.png]
[www.anyrec.io/images/online-bg-remover/decoration-2.png]
[www.anyrec.io/images/online-bg-remover/decoration-3.png]
[www.anyrec.io/images/mp4-to-mp3/free-online-video-converter-icon.png]
[www.anyrec.io/images/free-online-video-compressor/icon-image-upscaler.png]
[www.anyrec.io/free-online-background-remover/index.html]
[www.anyrec.io/images/index/arrow-down-up.png]
[www.anyrec.io/images/index/flag.png]
[www.anyrec.io/images/index/language-icons.png]
[www.anyrec.io/images/free-online-screen-recorder/star.png]
[www.anyrec.io/images/free-online-screen-recorder/banner-icon.png]
[www.anyrec.io/images/guide/icon.png]
[www.anyrec.io/images/free-online-screen-recorder/5-icon.png]
[www.anyrec.io/images/free-online-screen-recorder/6-icon.png]
[www.anyrec.io/images/video-converter/prev-next.png]
[www.anyrec.io/images/index/6-Icon.png]
[www.anyrec.io/images/screen-recorder/page-win-icon.png]
[www.anyrec.io/images/screen-recorder/page-mac-icon.png]
[www.anyrec.io/images/free-online-video-converter/feedbacktip.png]
[www.anyrec.io/images/online-bg-remover/tab-icon.png]
[www.anyrec.io/images/online-bg-remover/back2.png]
[www.anyrec.io/images/online-bg-remover/back-icon.png]
[www.anyrec.io/images/online-bg-remover/icon-up.png]
[www.anyrec.io/images/online-bg-remover/tab-color.png]
[www.anyrec.io/images/online-bg-remover/color-no.png]
[www.anyrec.io/images/online-bg-remover/more.png]
[www.anyrec.io/images/online-bg-remover/add-picture.png]
[www.anyrec.io/images/online-bg-remover/point.png]
[www.anyrec.io/images/online-bg-remover/check.png]
[www.anyrec.io/images/online-bg-remover/mirror.png]
[www.anyrec.io/images/online-bg-remover/bg.png]
[www.anyrec.io/images/online-bg-remover/bar.png]
[www.anyrec.io/images/online-bg-remover/hand.png]
[www.anyrec.io/images/online-bg-remover/loading.gif]
[www.anyrec.io/images/online-bg-remover/jiantou-tools.png]
[www.anyrec.io/images/online-bg-remover/close-bg-img.png]
[www.anyrec.io/images/online-bg-remover/jiantou.png]
[www.anyrec.io/images/online-bg-remover/chexiao.png]
[www.anyrec.io/images/online-bg-remover/icon-deuse.png]
[www.anyrec.io/images/online-bg-remover/icon-add.png]
[www.anyrec.io/images/online-bg-remover/combox-arrow.png]
[www.anyrec.io/images/online-bg-remover/close.png]
[www.anyrec.io/images/online-bg-remover/tab-color-icon.png]
[www.anyrec.io/wp-content/themes/anyrec/css/free-online-bg-remover.css]
[www.googletagmanager.com/gtm5445.html]
[www.anyrec.io/wp-content/plugins/translatepress-multilingual/assets/css/trp-language-switcher337d.css]
[www.anyrec.io/wp-content/themes/anyrec/js/free-online-bg-remover.js]
[www.anyrec.io/wp-content/themes/anyrec/static/js/sizzle.js]
[www.anyrec.io/wp-content/themes/anyrec/static/js/translation-online-bg-remover.js]
[www.anyrec.io/wp-content/themes/anyrec/static/js/jquery.mousewheel.min.js]
[www.anyrec.io/wp-content/themes/anyrec/static/js/spark-md5.min.js]
[www.anyrec.io/wp-content/themes/anyrec/js/FileSaver.js]
[www.anyrec.io/wp-content/themes/anyrec/js/swiper.min.js]
[www.anyrec.io/images/watermark-remover-online/desktop-zoon-bg.html]
[www.anyrec.io/free-online-background-remover/GET.html]
[www.anyrec.io/free-online-background-remover/HEAD.html]
[www.anyrec.io/free-online-background-remover/Trident/index.html]
[www.anyrec.io/free-online-background-remover/Edge/index.html]
[www.anyrec.io/free-online-background-remover/Gecko/index.html]
[www.anyrec.io/free-online-background-remover/Firefox/index.html]
[www.anyrec.io/free-online-background-remover/Version/index.html]
[www.anyrec.io/free-online-background-remover/version/index-2.html]
